/home/usainbot/org_repo/install/custom_explorer/lib/python3.10/site-packages/custom_explorer/simple_goal_pub.py
/home/usainbot/org_repo/install/custom_explorer/lib/python3.10/site-packages/custom_explorer/old_explorer.py
/home/usainbot/org_repo/install/custom_explorer/lib/python3.10/site-packages/custom_explorer/poi.py
/home/usainbot/org_repo/install/custom_explorer/lib/python3.10/site-packages/custom_explorer/__init__.py
/home/usainbot/org_repo/install/custom_explorer/lib/python3.10/site-packages/custom_explorer/explorer.py
/home/usainbot/org_repo/install/custom_explorer/lib/python3.10/site-packages/custom_explorer/coverage_node.py
/home/usainbot/org_repo/install/custom_explorer/lib/python3.10/site-packages/custom_explorer/follower.py
/home/usainbot/org_repo/install/custom_explorer/lib/python3.10/site-packages/custom_explorer/__pycache__/simple_goal_pub.cpython-310.pyc
/home/usainbot/org_repo/install/custom_explorer/lib/python3.10/site-packages/custom_explorer/__pycache__/old_explorer.cpython-310.pyc
/home/usainbot/org_repo/install/custom_explorer/lib/python3.10/site-packages/custom_explorer/__pycache__/poi.cpython-310.pyc
/home/usainbot/org_repo/install/custom_explorer/lib/python3.10/site-packages/custom_explorer/__pycache__/__init__.cpython-310.pyc
/home/usainbot/org_repo/install/custom_explorer/lib/python3.10/site-packages/custom_explorer/__pycache__/explorer.cpython-310.pyc
/home/usainbot/org_repo/install/custom_explorer/lib/python3.10/site-packages/custom_explorer/__pycache__/coverage_node.cpython-310.pyc
/home/usainbot/org_repo/install/custom_explorer/lib/python3.10/site-packages/custom_explorer/__pycache__/follower.cpython-310.pyc
/home/usainbot/org_repo/install/custom_explorer/share/ament_index/resource_index/packages/custom_explorer
/home/usainbot/org_repo/install/custom_explorer/share/custom_explorer/package.xml
/home/usainbot/org_repo/install/custom_explorer/lib/python3.10/site-packages/custom_explorer-0.0.0-py3.10.egg-info/SOURCES.txt
/home/usainbot/org_repo/install/custom_explorer/lib/python3.10/site-packages/custom_explorer-0.0.0-py3.10.egg-info/top_level.txt
/home/usainbot/org_repo/install/custom_explorer/lib/python3.10/site-packages/custom_explorer-0.0.0-py3.10.egg-info/zip-safe
/home/usainbot/org_repo/install/custom_explorer/lib/python3.10/site-packages/custom_explorer-0.0.0-py3.10.egg-info/PKG-INFO
/home/usainbot/org_repo/install/custom_explorer/lib/python3.10/site-packages/custom_explorer-0.0.0-py3.10.egg-info/entry_points.txt
/home/usainbot/org_repo/install/custom_explorer/lib/python3.10/site-packages/custom_explorer-0.0.0-py3.10.egg-info/dependency_links.txt
/home/usainbot/org_repo/install/custom_explorer/lib/python3.10/site-packages/custom_explorer-0.0.0-py3.10.egg-info/requires.txt
/home/usainbot/org_repo/install/custom_explorer/lib/custom_explorer/coverage_node
/home/usainbot/org_repo/install/custom_explorer/lib/custom_explorer/follower
/home/usainbot/org_repo/install/custom_explorer/lib/custom_explorer/lunar_explorer
/home/usainbot/org_repo/install/custom_explorer/lib/custom_explorer/point_of_interest
/home/usainbot/org_repo/install/custom_explorer/lib/custom_explorer/simple_goal_pub
