running egg_info
creating ../../../build/custom_explorer/custom_explorer.egg-info
writing ../../../build/custom_explorer/custom_explorer.egg-info/PKG-INFO
writing dependency_links to ../../../build/custom_explorer/custom_explorer.egg-info/dependency_links.txt
writing entry points to ../../../build/custom_explorer/custom_explorer.egg-info/entry_points.txt
writing requirements to ../../../build/custom_explorer/custom_explorer.egg-info/requires.txt
writing top-level names to ../../../build/custom_explorer/custom_explorer.egg-info/top_level.txt
writing manifest file '../../../build/custom_explorer/custom_explorer.egg-info/SOURCES.txt'
reading manifest file '../../../build/custom_explorer/custom_explorer.egg-info/SOURCES.txt'
writing manifest file '../../../build/custom_explorer/custom_explorer.egg-info/SOURCES.txt'
running build
running build_py
creating /home/usainbot/org_repo/build/custom_explorer/build
creating /home/usainbot/org_repo/build/custom_explorer/build/lib
creating /home/usainbot/org_repo/build/custom_explorer/build/lib/custom_explorer
copying custom_explorer/simple_goal_pub.py -> /home/usainbot/org_repo/build/custom_explorer/build/lib/custom_explorer
copying custom_explorer/old_explorer.py -> /home/usainbot/org_repo/build/custom_explorer/build/lib/custom_explorer
copying custom_explorer/poi.py -> /home/usainbot/org_repo/build/custom_explorer/build/lib/custom_explorer
copying custom_explorer/__init__.py -> /home/usainbot/org_repo/build/custom_explorer/build/lib/custom_explorer
copying custom_explorer/explorer.py -> /home/usainbot/org_repo/build/custom_explorer/build/lib/custom_explorer
copying custom_explorer/coverage_node.py -> /home/usainbot/org_repo/build/custom_explorer/build/lib/custom_explorer
copying custom_explorer/follower.py -> /home/usainbot/org_repo/build/custom_explorer/build/lib/custom_explorer
running install
running install_lib
creating /home/usainbot/org_repo/install/custom_explorer/lib/python3.10/site-packages/custom_explorer
copying /home/usainbot/org_repo/build/custom_explorer/build/lib/custom_explorer/simple_goal_pub.py -> /home/usainbot/org_repo/install/custom_explorer/lib/python3.10/site-packages/custom_explorer
copying /home/usainbot/org_repo/build/custom_explorer/build/lib/custom_explorer/old_explorer.py -> /home/usainbot/org_repo/install/custom_explorer/lib/python3.10/site-packages/custom_explorer
copying /home/usainbot/org_repo/build/custom_explorer/build/lib/custom_explorer/poi.py -> /home/usainbot/org_repo/install/custom_explorer/lib/python3.10/site-packages/custom_explorer
copying /home/usainbot/org_repo/build/custom_explorer/build/lib/custom_explorer/__init__.py -> /home/usainbot/org_repo/install/custom_explorer/lib/python3.10/site-packages/custom_explorer
copying /home/usainbot/org_repo/build/custom_explorer/build/lib/custom_explorer/explorer.py -> /home/usainbot/org_repo/install/custom_explorer/lib/python3.10/site-packages/custom_explorer
copying /home/usainbot/org_repo/build/custom_explorer/build/lib/custom_explorer/coverage_node.py -> /home/usainbot/org_repo/install/custom_explorer/lib/python3.10/site-packages/custom_explorer
copying /home/usainbot/org_repo/build/custom_explorer/build/lib/custom_explorer/follower.py -> /home/usainbot/org_repo/install/custom_explorer/lib/python3.10/site-packages/custom_explorer
byte-compiling /home/usainbot/org_repo/install/custom_explorer/lib/python3.10/site-packages/custom_explorer/simple_goal_pub.py to simple_goal_pub.cpython-310.pyc
byte-compiling /home/usainbot/org_repo/install/custom_explorer/lib/python3.10/site-packages/custom_explorer/old_explorer.py to old_explorer.cpython-310.pyc
byte-compiling /home/usainbot/org_repo/install/custom_explorer/lib/python3.10/site-packages/custom_explorer/poi.py to poi.cpython-310.pyc
byte-compiling /home/usainbot/org_repo/install/custom_explorer/lib/python3.10/site-packages/custom_explorer/__init__.py to __init__.cpython-310.pyc
byte-compiling /home/usainbot/org_repo/install/custom_explorer/lib/python3.10/site-packages/custom_explorer/explorer.py to explorer.cpython-310.pyc
byte-compiling /home/usainbot/org_repo/install/custom_explorer/lib/python3.10/site-packages/custom_explorer/coverage_node.py to coverage_node.cpython-310.pyc
byte-compiling /home/usainbot/org_repo/install/custom_explorer/lib/python3.10/site-packages/custom_explorer/follower.py to follower.cpython-310.pyc
running install_data
creating /home/usainbot/org_repo/install/custom_explorer/share/ament_index
creating /home/usainbot/org_repo/install/custom_explorer/share/ament_index/resource_index
creating /home/usainbot/org_repo/install/custom_explorer/share/ament_index/resource_index/packages
copying resource/custom_explorer -> /home/usainbot/org_repo/install/custom_explorer/share/ament_index/resource_index/packages
copying package.xml -> /home/usainbot/org_repo/install/custom_explorer/share/custom_explorer
running install_egg_info
Copying ../../../build/custom_explorer/custom_explorer.egg-info to /home/usainbot/org_repo/install/custom_explorer/lib/python3.10/site-packages/custom_explorer-0.0.0-py3.10.egg-info
running install_scripts
Installing coverage_node script to /home/usainbot/org_repo/install/custom_explorer/lib/custom_explorer
Installing follower script to /home/usainbot/org_repo/install/custom_explorer/lib/custom_explorer
Installing lunar_explorer script to /home/usainbot/org_repo/install/custom_explorer/lib/custom_explorer
Installing point_of_interest script to /home/usainbot/org_repo/install/custom_explorer/lib/custom_explorer
Installing simple_goal_pub script to /home/usainbot/org_repo/install/custom_explorer/lib/custom_explorer
writing list of installed files to '/home/usainbot/org_repo/build/custom_explorer/install.log'
