[0.015s] Invoking command in '/home/usainbot/org_repo/build/costmap_plugin': CMAKE_PREFIX_PATH=${CMAKE_PREFIX_PATH}:/home/usainbot/ws_moveit2/install/launch_param_builder:/opt/ros/humble /usr/bin/cmake /home/usainbot/org_repo/src/pkg/costmap_plugin -DCMAKE_INSTALL_PREFIX=/home/usainbot/org_repo/install/costmap_plugin
[0.146s] -- The C compiler identification is GNU 11.4.0
[0.146s] -- The CXX compiler identification is GNU 11.4.0
[0.146s] -- Detecting C compiler ABI info
[0.171s] -- Detecting C compiler ABI info - done
[0.176s] -- Check for working C compiler: /usr/bin/cc - skipped
[0.177s] -- Detecting C compile features
[0.177s] -- Detecting C compile features - done
[0.179s] -- Detecting CXX compiler ABI info
[0.227s] -- Detecting CXX compiler ABI info - done
[0.233s] -- Check for working CXX compiler: /usr/bin/c++ - skipped
[0.233s] -- Detecting CXX compile features
[0.234s] -- Detecting CXX compile features - done
[0.238s] -- Found ament_cmake: 1.3.11 (/opt/ros/humble/share/ament_cmake/cmake)
[0.351s] -- Found Python3: /usr/bin/python3 (found version "3.10.12") found components: Interpreter 
[0.402s] -- Found rclcpp: 16.0.12 (/opt/ros/humble/share/rclcpp/cmake)
[0.445s] -- Found rosidl_generator_c: 3.1.6 (/opt/ros/humble/share/rosidl_generator_c/cmake)
[0.449s] -- Found rosidl_adapter: 3.1.6 (/opt/ros/humble/share/rosidl_adapter/cmake)
[0.456s] -- Found rosidl_generator_cpp: 3.1.6 (/opt/ros/humble/share/rosidl_generator_cpp/cmake)
[0.464s] -- Using all available rosidl_typesupport_c: rosidl_typesupport_fastrtps_c;rosidl_typesupport_introspection_c
[0.474s] -- Using all available rosidl_typesupport_cpp: rosidl_typesupport_fastrtps_cpp;rosidl_typesupport_introspection_cpp
[0.502s] -- Found rmw_implementation_cmake: 6.1.2 (/opt/ros/humble/share/rmw_implementation_cmake/cmake)
[0.507s] -- Found rmw_fastrtps_cpp: 6.2.7 (/opt/ros/humble/share/rmw_fastrtps_cpp/cmake)
[0.564s] -- Found OpenSSL: /usr/lib/x86_64-linux-gnu/libcrypto.so (found version "3.0.2")  
[0.583s] -- Found FastRTPS: /opt/ros/humble/include  
[0.610s] -- Using RMW implementation 'rmw_fastrtps_cpp' as default
[0.616s] -- Looking for pthread.h
[0.665s] -- Looking for pthread.h - found
[0.665s] -- Performing Test CMAKE_HAVE_LIBC_PTHREAD
[0.714s] -- Performing Test CMAKE_HAVE_LIBC_PTHREAD - Success
[0.715s] -- Found Threads: TRUE  
[0.762s] -- Configuring incomplete, errors occurred!
[0.763s] See also "/home/usainbot/org_repo/build/costmap_plugin/CMakeFiles/CMakeOutput.log".
[0.763s] [31mCMake Error at CMakeLists.txt:9 (find_package):
[0.763s]   By not providing "Findnav2_costmap_2d.cmake" in CMAKE_MODULE_PATH this
[0.763s]   project has asked CMake to find a package configuration file provided by
[0.763s]   "nav2_costmap_2d", but CMake did not find one.
[0.763s] 
[0.763s]   Could not find a package configuration file provided by "nav2_costmap_2d"
[0.763s]   with any of the following names:
[0.763s] 
[0.763s]     nav2_costmap_2dConfig.cmake
[0.763s]     nav2_costmap_2d-config.cmake
[0.763s] 
[0.763s]   Add the installation prefix of "nav2_costmap_2d" to CMAKE_PREFIX_PATH or
[0.763s]   set "nav2_costmap_2d_DIR" to a directory containing one of the above files.
[0.763s]   If "nav2_costmap_2d" provides a separate development package or SDK, be
[0.763s]   sure it has been installed.
[0.763s] 
[0.763s] [0m
