[0.139s] Invoking command in '/home/usainbot/org_repo/build/leo_gz_plugins': CMAKE_PREFIX_PATH=${CMAKE_PREFIX_PATH}:/home/usainbot/ws_moveit2/install/launch_param_builder:/opt/ros/humble /usr/bin/cmake /home/usainbot/org_repo/src/pkg/leo_gz_plugins -DCMAKE_INSTALL_PREFIX=/home/usainbot/org_repo/install/leo_gz_plugins
[0.175s] -- The C compiler identification is GNU 11.4.0
[0.214s] -- The CXX compiler identification is GNU 11.4.0
[0.219s] -- Detecting C compiler ABI info
[0.266s] -- Detecting C compiler ABI info - done
[0.272s] -- Check for working C compiler: /usr/bin/cc - skipped
[0.272s] -- Detecting C compile features
[0.272s] -- Detecting C compile features - done
[0.274s] -- Detecting CXX compiler ABI info
[0.325s] -- Detecting CXX compiler ABI info - done
[0.331s] -- Check for working CXX compiler: /usr/bin/c++ - skipped
[0.332s] -- Detecting CXX compile features
[0.332s] -- Detecting CXX compile features - done
[0.334s] -- Found ament_cmake: 1.3.11 (/opt/ros/humble/share/ament_cmake/cmake)
[0.439s] -- Found Python3: /usr/bin/python3 (found version "3.10.12") found components: Interpreter 
[0.500s] -- Configuring incomplete, errors occurred!
[0.500s] See also "/home/usainbot/org_repo/build/leo_gz_plugins/CMakeFiles/CMakeOutput.log".
[0.500s] [31mCMake Error at CMakeLists.txt:39 (find_package):
[0.500s]   By not providing "Findignition-plugin1.cmake" in CMAKE_MODULE_PATH this
[0.500s]   project has asked CMake to find a package configuration file provided by
[0.500s]   "ignition-plugin1", but CMake did not find one.
[0.500s] 
[0.500s]   Could not find a package configuration file provided by "ignition-plugin1"
[0.500s]   with any of the following names:
[0.500s] 
[0.500s]     ignition-plugin1Config.cmake
[0.500s]     ignition-plugin1-config.cmake
[0.500s] 
[0.500s]   Add the installation prefix of "ignition-plugin1" to CMAKE_PREFIX_PATH or
[0.501s]   set "ignition-plugin1_DIR" to a directory containing one of the above
[0.501s]   files.  If "ignition-plugin1" provides a separate development package or
[0.501s]   SDK, be sure it has been installed.
[0.501s] 
[0.501s] [0m
