[0.139s] Invoking command in '/home/usainbot/org_repo/build/rover_manager': CMAKE_PREFIX_PATH=${CMAKE_PREFIX_PATH}:/home/usainbot/ws_moveit2/install/launch_param_builder:/opt/ros/humble /usr/bin/cmake /home/usainbot/org_repo/src/pkg/rover_manager -DCMAKE_INSTALL_PREFIX=/home/usainbot/org_repo/install/rover_manager
[0.172s] -- The C compiler identification is GNU 11.4.0
[0.210s] -- The CXX compiler identification is GNU 11.4.0
[0.214s] -- Detecting C compiler ABI info
[0.257s] -- Detecting C compiler ABI info - done
[0.263s] -- Check for working C compiler: /usr/bin/cc - skipped
[0.263s] -- Detecting C compile features
[0.263s] -- Detecting C compile features - done
[0.265s] -- Detecting CXX compiler ABI info
[0.308s] -- Detecting CXX compiler ABI info - done
[0.314s] -- Check for working CXX compiler: /usr/bin/c++ - skipped
[0.314s] -- Detecting CXX compile features
[0.315s] -- Detecting CXX compile features - done
[0.317s] -- Found ament_cmake: 1.3.11 (/opt/ros/humble/share/ament_cmake/cmake)
[0.422s] -- Found Python3: /usr/bin/python3 (found version "3.10.12") found components: Interpreter 
[0.468s] -- Found rclcpp: 16.0.12 (/opt/ros/humble/share/rclcpp/cmake)
[0.489s] -- Found rosidl_generator_c: 3.1.6 (/opt/ros/humble/share/rosidl_generator_c/cmake)
[0.491s] -- Found rosidl_adapter: 3.1.6 (/opt/ros/humble/share/rosidl_adapter/cmake)
[0.497s] -- Found rosidl_generator_cpp: 3.1.6 (/opt/ros/humble/share/rosidl_generator_cpp/cmake)
[0.500s] -- Using all available rosidl_typesupport_c: rosidl_typesupport_fastrtps_c;rosidl_typesupport_introspection_c
[0.508s] -- Using all available rosidl_typesupport_cpp: rosidl_typesupport_fastrtps_cpp;rosidl_typesupport_introspection_cpp
[0.528s] -- Found rmw_implementation_cmake: 6.1.2 (/opt/ros/humble/share/rmw_implementation_cmake/cmake)
[0.529s] -- Found rmw_fastrtps_cpp: 6.2.7 (/opt/ros/humble/share/rmw_fastrtps_cpp/cmake)
[0.578s] -- Found OpenSSL: /usr/lib/x86_64-linux-gnu/libcrypto.so (found version "3.0.2")  
[0.596s] -- Found FastRTPS: /opt/ros/humble/include  
[0.619s] -- Using RMW implementation 'rmw_fastrtps_cpp' as default
[0.623s] -- Looking for pthread.h
[0.670s] -- Looking for pthread.h - found
[0.670s] -- Performing Test CMAKE_HAVE_LIBC_PTHREAD
[0.718s] -- Performing Test CMAKE_HAVE_LIBC_PTHREAD - Success
[0.719s] -- Found Threads: TRUE  
[0.753s] -- Found rclcpp_action: 16.0.12 (/opt/ros/humble/share/rclcpp_action/cmake)
[0.777s] -- Found geometry_msgs: 4.8.0 (/opt/ros/humble/share/geometry_msgs/cmake)
[0.787s] [31mCMake Error at CMakeLists.txt:17 (find_package):
[0.787s]   By not providing "Findnav2_msgs.cmake" in CMAKE_MODULE_PATH this project
[0.788s]   has asked CMake to find a package configuration file provided by
[0.788s]   "nav2_msgs", but CMake did not find one.
[0.788s] 
[0.788s]   Could not find a package configuration file provided by "nav2_msgs" with
[0.788s]   any of the following names:
[0.788s] 
[0.788s]     nav2_msgsConfig.cmake
[0.788s]     nav2_msgs-config.cmake
[0.788s] 
[0.788s]   Add the installation prefix of "nav2_msgs" to CMAKE_PREFIX_PATH or set
[0.788s]   "nav2_msgs_DIR" to a directory containing one of the above files.  If
[0.788s]   "nav2_msgs" provides a separate development package or SDK, be sure it has
[0.788s]   been installed.
[0.788s] 
[0.788s] [0m
[0.788s] -- Configuring incomplete, errors occurred!
[0.788s] See also "/home/usainbot/org_repo/build/rover_manager/CMakeFiles/CMakeOutput.log".
